// Jest Snapshot v1, https://goo.gl/fbAQLP

exports[`Post component renders Post 1`] = `
<DocumentFragment>
  <div
    class="Post"
  >
    <img
      data-testid="delete-icon"
      src="/path/image"
    />
    <section>
      <h2
        data-testid="title"
      />
      <p />
    </section>
  </div>
</DocumentFragment>
`;
